[34m
* Datadog Agent 7 install script v1.45.0
[0m
/usr/bin/systemctl
bash: line 1376: /etc/redhat-release: No such file or directory
[34m
* Installing YUM sources for Datadog
[0m
Cache was expired
17 files removed
Error: No matching Packages to list
  [33mInstalling package(s): datadog-agent
[0m
Datadog, Inc.                                    12 kB/s | 905  B     00:00    
Datadog, Inc.                                   2.8 kB/s | 1.7 kB     00:00    
Importing GPG key 0xB01082D3:
 Userid     : "Datadog, Inc. RPM key (2023-04-20) (RPM key) <package+rpmkey@datadoghq.com>"
 Fingerprint: 7408 BFD5 6BC5 BF0C 361A AAE8 5D88 EEA3 B010 82D3
 From       : https://keys.datadoghq.com/DATADOG_RPM_KEY_CURRENT.public
Datadog, Inc.                                   3.0 kB/s | 1.7 kB     00:00    
Importing GPG key 0x4F09D16B:
 Userid     : "Datadog, Inc. RPM key (2024-05-15) (RPM key) <package+rpmkey@datadoghq.com>"
 Fingerprint: 2416 A377 57B1 BB02 68B3 634B 52AF C599 4F09 D16B
 From       : https://keys.datadoghq.com/DATADOG_RPM_KEY_4F09D16B.public
Datadog, Inc.                                   2.8 kB/s | 1.7 kB     00:00    
Importing GPG key 0xB01082D3:
 Userid     : "Datadog, Inc. RPM key (2023-04-20) (RPM key) <package+rpmkey@datadoghq.com>"
 Fingerprint: 7408 BFD5 6BC5 BF0C 361A AAE8 5D88 EEA3 B010 82D3
 From       : https://keys.datadoghq.com/DATADOG_RPM_KEY_B01082D3.public
Datadog, Inc.                                   4.0 kB/s | 2.4 kB     00:00    
Importing GPG key 0xFD4BF915:
 Userid     : "Datadog, Inc. RPM key (2020-09-08) <package+rpmkey@datadoghq.com>"
 Fingerprint: C655 9B69 0CA8 82F0 23BD F3F6 3F4D 1729 FD4B F915
 From       : https://keys.datadoghq.com/DATADOG_RPM_KEY_FD4BF915.public
Datadog, Inc.                                   2.8 kB/s | 1.6 kB     00:00    
Importing GPG key 0xE09422B3:
 Userid     : "Datadog, Inc <package@datadoghq.com>"
 Fingerprint: A4C0 B90D 7443 CF6E 4E8A A341 F106 8E14 E094 22B3
 From       : https://keys.datadoghq.com/DATADOG_RPM_KEY_E09422B3.public
Datadog, Inc.                                    73 MB/s |  44 MB     00:00    
Last metadata expiration check: 0:00:13 ago on Fri Apr 24 08:17:43 2026.
Dependencies resolved.
================================================================================
 Package               Architecture   Version             Repository       Size
================================================================================
Installing:
 datadog-agent         x86_64         1:7.78.0-1          datadog         152 M

Transaction Summary
================================================================================
Install  1 Package

Total download size: 152 M
Installed size: 747 M
Downloading Packages:
datadog-agent-7.78.0-1.x86_64.rpm                46 MB/s | 152 MB     00:03    
--------------------------------------------------------------------------------
Total                                            46 MB/s | 152 MB     00:03     
Datadog, Inc.                                    86 kB/s | 1.7 kB     00:00    
Importing GPG key 0xB01082D3:
 Userid     : "Datadog, Inc. RPM key (2023-04-20) (RPM key) <package+rpmkey@datadoghq.com>"
 Fingerprint: 7408 BFD5 6BC5 BF0C 361A AAE8 5D88 EEA3 B010 82D3
 From       : https://keys.datadoghq.com/DATADOG_RPM_KEY_CURRENT.public
Key imported successfully
Datadog, Inc.                                    89 kB/s | 1.7 kB     00:00    
Importing GPG key 0x4F09D16B:
 Userid     : "Datadog, Inc. RPM key (2024-05-15) (RPM key) <package+rpmkey@datadoghq.com>"
 Fingerprint: 2416 A377 57B1 BB02 68B3 634B 52AF C599 4F09 D16B
 From       : https://keys.datadoghq.com/DATADOG_RPM_KEY_4F09D16B.public
Key imported successfully
Datadog, Inc.                                    95 kB/s | 1.7 kB     00:00    
GPG key at https://keys.datadoghq.com/DATADOG_RPM_KEY_B01082D3.public (0xB01082D3) is already installed
Datadog, Inc.                                   135 kB/s | 2.4 kB     00:00    
Importing GPG key 0xFD4BF915:
 Userid     : "Datadog, Inc. RPM key (2020-09-08) <package+rpmkey@datadoghq.com>"
 Fingerprint: C655 9B69 0CA8 82F0 23BD F3F6 3F4D 1729 FD4B F915
 From       : https://keys.datadoghq.com/DATADOG_RPM_KEY_FD4BF915.public
Key imported successfully
Datadog, Inc.                                    93 kB/s | 1.6 kB     00:00    
Importing GPG key 0xE09422B3:
 Userid     : "Datadog, Inc <package@datadoghq.com>"
 Fingerprint: A4C0 B90D 7443 CF6E 4E8A A341 F106 8E14 E094 22B3
 From       : https://keys.datadoghq.com/DATADOG_RPM_KEY_E09422B3.public
Key imported successfully
Running transaction check
Transaction check succeeded.
Running transaction test
Transaction test succeeded.
Running transaction
  Preparing        :                                                        1/1 
  Running scriptlet: datadog-agent-1:7.78.0-1.x86_64                        1/1 
Failed to stop datadog-agent-process.service: Unit datadog-agent-process.service not loaded.
Failed to stop datadog-agent-sysprobe.service: Unit datadog-agent-sysprobe.service not loaded.
Failed to stop datadog-agent-trace.service: Unit datadog-agent-trace.service not loaded.
Failed to stop datadog-agent-security.service: Unit datadog-agent-security.service not loaded.
Failed to stop datadog-agent.service: Unit datadog-agent.service not loaded.
Failed to disable unit: Unit file datadog-agent-process.service does not exist.
Failed to disable unit: Unit file datadog-agent-sysprobe.service does not exist.
Failed to disable unit: Unit file datadog-agent-trace.service does not exist.
Failed to disable unit: Unit file datadog-agent-security.service does not exist.
Failed to disable unit: Unit file datadog-agent.service does not exist.

  Installing       : datadog-agent-1:7.78.0-1.x86_64                        1/1 
  Running scriptlet: datadog-agent-1:7.78.0-1.x86_64                        1/1 
Creating file: '/opt/datadog-agent/.post_python_installed_packages.txt'
File '/opt/datadog-agent/.diff_python_installed_packages.txt' not found.

  Verifying        : datadog-agent-1:7.78.0-1.x86_64                        1/1 

Installed:
  datadog-agent-1:7.78.0-1.x86_64                                               

Complete!
[34m
* Adding your API key to the Datadog Agent configuration: /etc/datadog-agent/datadog.yaml
[0m
[34m
* Setting SITE in the Datadog Agent configuration: /etc/datadog-agent/datadog.yaml
[0m
[34m
* Adding your DD_ENV to the Datadog Agent configuration: /etc/datadog-agent/datadog.yaml
[0m
[34m
* Setting Datadog Agent configuration for process log collection: /etc/datadog-agent/datadog.yaml
[0m
[34m
* Setting Datadog Agent configuration to enable Service Discovery: /etc/datadog-agent/system-probe.yaml
[0m
[34m
* Setting Datadog Agent configuration to enable Privileged Logs: /etc/datadog-agent/system-probe.yaml
[0m
Downloading the Datadog installer...
  % Total    % Received % Xferd  Average Speed   Time    Time     Time  Current
                                 Dload  Upload   Total   Spent    Left  Speed
  0     0   0     0   0     0     0     0  --:--:-- --:--:-- --:--:--     0100 21838k 100 21838k   0     0 104.8M     0  --:--:-- --:--:-- --:--:-- 105.0M
Verifying installer integrity...
Installer integrity verified.
Starting the Datadog installer...
Datadog Installer 7.78.0 - https://www.datadoghq.com
Running the APM SSI installation script (https://github.com/DataDog/datadog-agent/tree/88ace41f75/pkg/fleet/installer/setup/defaultscript/ssi_standalone.go) - 2026-04-24T08:18:40Z
The following packages will be installed:
  - datadog-apm-inject / 0
  - datadog-apm-library-java / 1
  - datadog-apm-library-python / 4
  - datadog-apm-library-ruby / 2
  - datadog-apm-library-js / 5
  - datadog-apm-library-dotnet / 3
  - datadog-apm-library-php / 1
Stopping Datadog Agent services...
Applying configurations...
Installing datadog-apm-inject...
Successfully installed datadog-apm-inject
Installing datadog-apm-library-java...
Successfully installed datadog-apm-library-java
Installing datadog-apm-library-python...
Successfully installed datadog-apm-library-python
Installing datadog-apm-library-ruby...
Successfully installed datadog-apm-library-ruby
Installing datadog-apm-library-js...
Successfully installed datadog-apm-library-js
Installing datadog-apm-library-dotnet...
Successfully installed datadog-apm-library-dotnet
Installing datadog-apm-library-php...
Successfully installed datadog-apm-library-php
Successfully ran the APM SSI install script in 13s!
/usr/bin/systemctl
[34m* Starting the Datadog Agent...
[0m
[32m  Your Datadog Agent is running and functioning properly.
[0m[32m  It will continue to run in the background and submit metrics to Datadog.
[0m[32m  If you ever want to stop the Datadog Agent, run:

       systemctl stop datadog-agent

  And to run it again run:

       systemctl start datadog-agent[0m

